{
  "SchemaVersion": 2,
  "ArtifactName": "testdata/fixtures/fs/dockerfile",
  "ArtifactType": "filesystem",
  "Metadata": {
    "ImageConfig": {
      "architecture": "",
      "created": "0001-01-01T00:00:00Z",
      "os": "",
      "rootfs": {
        "type": "",
        "diff_ids": null
      },
      "config": {}
    }
  },
  "Results": [
    {
      "Target": "Dockerfile",
      "Class": "config",
      "Type": "dockerfile",
      "MisconfSummary": {
        "Successes": 0,
        "Failures": 1,
        "Exceptions": 0
      },
      "Misconfigurations": [
        {
          "Type": "Dockerfile Security Check",
          "ID": "DS002",
          "Title": "Image user should not be 'root'",
          "Description": "It is a good practice to run the container as a non-root user.",
          "Message": "Specify at least 1 USER command in Dockerfile",
          "Namespace": "appshield.dockerfile.DS002",
          "Query": "data.appshield.dockerfile.DS002.deny",
          "Resolution": "Add 'USER \u003cnon root user name\u003e' line to the Dockerfile",
          "Severity": "HIGH",
          "PrimaryURL": "https://avd.khulnasoft.com/appshield/ds002",
          "References": [
            "https://docs.docker.com/develop/develop-images/dockerfile_best-practices/",
            "https://avd.khulnasoft.com/appshield/ds002"
          ],
          "Status": "FAIL"
        }
      ]
    }
  ]
}