{
  "SchemaVersion": 2,
  "ArtifactName": "testdata/fixtures/images/opensuse-leap-423.tar.gz",
  "ArtifactType": "container_image",
  "Metadata": {
    "OS": {
      "Family": "opensuse.leap",
      "Name": "42.3",
      "EOSL": true
    },
    "ImageID": "sha256:8e098189cc8dcb9cf52438dded1403b802a5822acb22e44db027705a146fef7a",
    "DiffIDs": [
      "sha256:55e4cf12579297bd6b98a41e0f22e56241508b5f697dcc43ab9a3d7c546acb3c"
    ],
    "ImageConfig": {
      "architecture": "amd64",
      "author": "SUSE Containers Team \u003ccontainers@suse.com\u003e",
      "created": "2019-08-13T08:49:10Z",
      "history": [
        {
          "created": "2019-08-13T08:48:40.372298552Z",
          "created_by": "umoci config"
        },
        {
          "author": "SUSE Containers Team \u003ccontainers@suse.com\u003e",
          "created": "2019-08-13T08:49:10.375196393Z",
          "created_by": "umoci config",
          "empty_layer": true
        }
      ],
      "os": "linux",
      "rootfs": {
        "type": "layers",
        "diff_ids": [
          "sha256:55e4cf12579297bd6b98a41e0f22e56241508b5f697dcc43ab9a3d7c546acb3c"
        ]
      },
      "config": {
        "Cmd": [
          "/bin/bash"
        ],
        "Labels": {
          "org.openbuildservice.disturl": "'obs://build.opensuse.org/Virtualization:containers:images:openSUSE-Leap-42.3/containers/e855437d458198eb2a8cf9d551fc66c3-openSUSE-Leap-42.3-container-image:docker'"
        }
      }
    }
  },
  "Results": [
    {
      "Target": "testdata/fixtures/images/opensuse-leap-423.tar.gz (opensuse.leap 42.3)",
      "Class": "os-pkgs",
      "Type": "opensuse.leap"
    }
  ]
}