{
    "Findings": [{
            "SchemaVersion": "2018-10-08",
            "Id": "deploy.sh",
            "ProductArn": "arn:aws:securityhub:::product/aquasecurity/aquasecurity",
            "GeneratorId": "Vul",
            "AwsAccountId": "123456789012",
            "Types": [ "Sensitive Data Identifications" ],
            "CreatedAt": "2020-08-10T07:28:17.000958601Z",
            "UpdatedAt": "2020-08-10T07:28:17.000958601Z",
            "Severity": {
                "Label": "CRITICAL"
            },
            "Title": "Vul found a secret in deploy.sh: AWS Access Key ID",
            "Description": "Vul found a secret in deploy.sh: AWS Access Key ID",
            "ProductFields": { "Product Name": "Vul" },
            "Resources": [
                {
                    "Type": "Other",
                    "Id": "deploy.sh",
                    "Partition": "aws",
                    "Region": "",
                    "Details": {
                        "Other": {
                            "Filename": "deploy.sh"
                        }
                    }
                }
            ],
            "RecordState": "ACTIVE"
        },{
            "SchemaVersion": "2018-10-08",
            "Id": "deploy.sh",
            "ProductArn": "arn:aws:securityhub:::product/aquasecurity/aquasecurity",
            "GeneratorId": "Vul",
            "AwsAccountId": "123456789012",
            "Types": [ "Sensitive Data Identifications" ],
            "CreatedAt": "2020-08-10T07:28:17.000958601Z",
            "UpdatedAt": "2020-08-10T07:28:17.000958601Z",
            "Severity": {
                "Label": "CRITICAL"
            },
            "Title": "Vul found a secret in deploy.sh: GitHub Personal Access Token",
            "Description": "Vul found a secret in deploy.sh: GitHub Personal Access Token",
            "ProductFields": { "Product Name": "Vul" },
            "Resources": [
                {
                    "Type": "Other",
                    "Id": "deploy.sh",
                    "Partition": "aws",
                    "Region": "",
                    "Details": {
                        "Other": {
                            "Filename": "deploy.sh"
                        }
                    }
                }
            ],
            "RecordState": "ACTIVE"
        }
    ]
}
